0 verbose cli C:\Program Files\nodejs\node.exe C:\Users\usrlabecon\AppData\Roaming\npm\node_modules\npm\bin\npm-cli.js
1 info using npm@11.6.0
2 info using node@v22.13.0
3 silly config load:file:C:\Users\usrlabecon\AppData\Roaming\npm\node_modules\npm\npmrc
4 silly config load:file:c:\Users\usrlabecon\Evolua-\.npmrc
5 silly config load:file:C:\Users\usrlabecon\.npmrc
6 silly config load:file:C:\Users\usrlabecon\AppData\Roaming\npm\etc\npmrc
7 verbose title npm view mysql2 description dist-tags.latest homepage version time
8 verbose argv "view" "--json" "--" "mysql2" "description" "dist-tags.latest" "homepage" "version" "time"
9 verbose logfile logs-max:10 dir:c:\Users\usrlabecon\Evolua-\.npm_cache\_logs\2026-03-19T21_21_33_347Z-
10 verbose logfile c:\Users\usrlabecon\Evolua-\.npm_cache\_logs\2026-03-19T21_21_33_347Z-debug-0.log
11 silly logfile done cleaning log files
12 http fetch GET 200 https://registry.npmjs.org/npm 156ms
13 http fetch GET 200 https://registry.npmjs.org/mysql2 133ms (cache miss)
14 verbose cwd c:\Users\usrlabecon\Evolua-
15 verbose os Windows_NT 10.0.19045
16 verbose node v22.13.0
17 verbose npm  v11.6.0
18 notice
18 notice New minor version of npm available! 11.6.0 -> 11.12.0
18 notice Changelog: https://github.com/npm/cli/releases/tag/v11.12.0
18 notice To update run: npm install -g npm@11.12.0
18 notice  { force: true, [Symbol(proc-log.meta)]: true }
19 verbose exit 0
20 info ok
